This is pdfTeX, Version 3.141592653-2.6-1.40.22 (TeX Live 2022/dev/Debian) (preloaded format=pdflatex 2026.6.9)  18 JUN 2026 16:30
entering extended mode
 restricted \write18 enabled.
 %&-line parsing enabled.
**storyboard.tex
(./storyboard.tex
LaTeX2e <2021-11-15> patch level 1
L3 programming layer <2022-01-21>
(/usr/share/texlive/texmf-dist/tex/latex/base/article.cls
Document Class: article 2021/10/04 v1.4n Standard LaTeX document class
(/usr/share/texlive/texmf-dist/tex/latex/base/size11.clo
File: size11.clo 2021/10/04 v1.4n Standard LaTeX file (size option)
)
\c@part=\count185
\c@section=\count186
\c@subsection=\count187
\c@subsubsection=\count188
\c@paragraph=\count189
\c@subparagraph=\count190
\c@figure=\count191
\c@table=\count192
\abovecaptionskip=\skip47
\belowcaptionskip=\skip48
\bibindent=\dimen138
)
(/usr/share/texlive/texmf-dist/tex/latex/geometry/geometry.sty
Package: geometry 2020/01/02 v5.9 Page Geometry

(/usr/share/texlive/texmf-dist/tex/latex/graphics/keyval.sty
Package: keyval 2014/10/28 v1.15 key=value parser (DPC)
\KV@toks@=\toks16
)
(/usr/share/texlive/texmf-dist/tex/generic/iftex/ifvtex.sty
Package: ifvtex 2019/10/25 v1.7 ifvtex legacy package. Use iftex instead.

(/usr/share/texlive/texmf-dist/tex/generic/iftex/iftex.sty
Package: iftex 2020/03/06 v1.0d TeX engine tests
))
\Gm@cnth=\count193
\Gm@cntv=\count194
\c@Gm@tempcnt=\count195
\Gm@bindingoffset=\dimen139
\Gm@wd@mp=\dimen140
\Gm@odd@mp=\dimen141
\Gm@even@mp=\dimen142
\Gm@layoutwidth=\dimen143
\Gm@layoutheight=\dimen144
\Gm@layouthoffset=\dimen145
\Gm@layoutvoffset=\dimen146
\Gm@dimlist=\toks17
)
(/usr/share/texlive/texmf-dist/tex/latex/setspace/setspace.sty
Package: setspace 2011/12/19 v6.7a set line spacing
)
(/usr/share/texlive/texmf-dist/tex/latex/base/fontenc.sty
Package: fontenc 2021/04/29 v2.0v Standard LaTeX package
)
(/usr/share/texlive/texmf-dist/tex/latex/psnfss/courier.sty
Package: courier 2020/03/25 PSNFSS-v9.3 (WaS) 
)
(/usr/share/texlive/texmf-dist/tex/latex/booktabs/booktabs.sty
Package: booktabs 2020/01/12 v1.61803398 Publication quality tables
\heavyrulewidth=\dimen147
\lightrulewidth=\dimen148
\cmidrulewidth=\dimen149
\belowrulesep=\dimen150
\belowbottomsep=\dimen151
\aboverulesep=\dimen152
\abovetopsep=\dimen153
\cmidrulesep=\dimen154
\cmidrulekern=\dimen155
\defaultaddspace=\dimen156
\@cmidla=\count196
\@cmidlb=\count197
\@aboverulesep=\dimen157
\@belowrulesep=\dimen158
\@thisruleclass=\count198
\@lastruleclass=\count199
\@thisrulewidth=\dimen159
)
(/usr/share/texlive/texmf-dist/tex/latex/tools/array.sty
Package: array 2021/10/04 v2.5f Tabular extension package (FMi)
\col@sep=\dimen160
\ar@mcellbox=\box50
\extrarowheight=\dimen161
\NC@list=\toks18
\extratabsurround=\skip49
\backup@length=\skip50
\ar@cellbox=\box51
)
(/usr/share/texlive/texmf-dist/tex/latex/titlesec/titlesec.sty
Package: titlesec 2021/07/05 v2.14 Sectioning titles
\ttl@box=\box52
\beforetitleunit=\skip51
\aftertitleunit=\skip52
\ttl@plus=\dimen162
\ttl@minus=\dimen163
\ttl@toksa=\toks19
\titlewidth=\dimen164
\titlewidthlast=\dimen165
\titlewidthfirst=\dimen166
)
(/usr/share/texlive/texmf-dist/tex/latex/parskip/parskip.sty
Package: parskip 2021-03-14 v2.0h non-zero parskip adjustments

(/usr/share/texlive/texmf-dist/tex/latex/kvoptions/kvoptions.sty
Package: kvoptions 2020-10-07 v3.14 Key value format for package options (HO)

(/usr/share/texlive/texmf-dist/tex/generic/ltxcmds/ltxcmds.sty
Package: ltxcmds 2020-05-10 v1.25 LaTeX kernel commands for general use (HO)
)
(/usr/share/texlive/texmf-dist/tex/generic/kvsetkeys/kvsetkeys.sty
Package: kvsetkeys 2019/12/15 v1.18 Key value parser (HO)
))
(/usr/share/texlive/texmf-dist/tex/latex/etoolbox/etoolbox.sty
Package: etoolbox 2020/10/05 v2.5k e-TeX tools for LaTeX (JAW)
\etb@tempcnta=\count266
))
(/usr/share/texlive/texmf-dist/tex/latex/graphics/graphicx.sty
Package: graphicx 2021/09/16 v1.2d Enhanced LaTeX Graphics (DPC,SPQR)

(/usr/share/texlive/texmf-dist/tex/latex/graphics/graphics.sty
Package: graphics 2021/03/04 v1.4d Standard LaTeX Graphics (DPC,SPQR)

(/usr/share/texlive/texmf-dist/tex/latex/graphics/trig.sty
Package: trig 2021/08/11 v1.11 sin cos tan (DPC)
)
(/usr/share/texlive/texmf-dist/tex/latex/graphics-cfg/graphics.cfg
File: graphics.cfg 2016/06/04 v1.11 sample graphics configuration
)
Package graphics Info: Driver file: pdftex.def on input line 107.

(/usr/share/texlive/texmf-dist/tex/latex/graphics-def/pdftex.def
File: pdftex.def 2020/10/05 v1.2a Graphics/color driver for pdftex
))
\Gin@req@height=\dimen167
\Gin@req@width=\dimen168
)
(/usr/share/texlive/texmf-dist/tex/latex/caption/caption.sty
Package: caption 2020/10/26 v3.5g Customizing captions (AR)

(/usr/share/texlive/texmf-dist/tex/latex/caption/caption3.sty
Package: caption3 2020/10/21 v2.2e caption3 kernel (AR)
\captionmargin=\dimen169
\captionmargin@=\dimen170
\captionwidth=\dimen171
\caption@tempdima=\dimen172
\caption@indent=\dimen173
\caption@parindent=\dimen174
\caption@hangindent=\dimen175
Package caption Info: Standard document class detected.
)
\c@caption@flags=\count267
\c@continuedfloat=\count268
)
(/usr/share/texlive/texmf-dist/tex/latex/float/float.sty
Package: float 2001/11/08 v1.3d Float enhancements (AL)
\c@float@type=\count269
\float@exts=\toks20
\float@box=\box53
\@float@everytoks=\toks21
\@floatcapt=\box54
)
(/usr/share/texlive/texmf-dist/tex/latex/hyperref/hyperref.sty
Package: hyperref 2021-06-07 v7.00m Hypertext links for LaTeX

(/usr/share/texlive/texmf-dist/tex/generic/pdftexcmds/pdftexcmds.sty
Package: pdftexcmds 2020-06-27 v0.33 Utility functions of pdfTeX for LuaTeX (HO
)

(/usr/share/texlive/texmf-dist/tex/generic/infwarerr/infwarerr.sty
Package: infwarerr 2019/12/03 v1.5 Providing info/warning/error messages (HO)
)
Package pdftexcmds Info: \pdf@primitive is available.
Package pdftexcmds Info: \pdf@ifprimitive is available.
Package pdftexcmds Info: \pdfdraftmode found.
)
(/usr/share/texlive/texmf-dist/tex/generic/kvdefinekeys/kvdefinekeys.sty
Package: kvdefinekeys 2019-12-19 v1.6 Define keys (HO)
)
(/usr/share/texlive/texmf-dist/tex/generic/pdfescape/pdfescape.sty
Package: pdfescape 2019/12/09 v1.15 Implements pdfTeX's escape features (HO)
)
(/usr/share/texlive/texmf-dist/tex/latex/hycolor/hycolor.sty
Package: hycolor 2020-01-27 v1.10 Color options for hyperref/bookmark (HO)
)
(/usr/share/texlive/texmf-dist/tex/latex/letltxmacro/letltxmacro.sty
Package: letltxmacro 2019/12/03 v1.6 Let assignment for LaTeX macros (HO)
)
(/usr/share/texlive/texmf-dist/tex/latex/auxhook/auxhook.sty
Package: auxhook 2019-12-17 v1.6 Hooks for auxiliary files (HO)
)
\@linkdim=\dimen176
\Hy@linkcounter=\count270
\Hy@pagecounter=\count271

(/usr/share/texlive/texmf-dist/tex/latex/hyperref/pd1enc.def
File: pd1enc.def 2021-06-07 v7.00m Hyperref: PDFDocEncoding definition (HO)
Now handling font encoding PD1 ...
... no UTF-8 mapping file for font encoding PD1
)
(/usr/share/texlive/texmf-dist/tex/latex/hyperref/hyperref-langpatches.def
File: hyperref-langpatches.def 2021-06-07 v7.00m Hyperref: patches for babel la
nguages
)
(/usr/share/texlive/texmf-dist/tex/generic/intcalc/intcalc.sty
Package: intcalc 2019/12/15 v1.3 Expandable calculations with integers (HO)
)
(/usr/share/texlive/texmf-dist/tex/generic/etexcmds/etexcmds.sty
Package: etexcmds 2019/12/15 v1.7 Avoid name clashes with e-TeX commands (HO)
)
\Hy@SavedSpaceFactor=\count272

(/usr/share/texlive/texmf-dist/tex/latex/hyperref/puenc.def
File: puenc.def 2021-06-07 v7.00m Hyperref: PDF Unicode definition (HO)
Now handling font encoding PU ...
... no UTF-8 mapping file for font encoding PU
)
Package hyperref Info: Hyper figures OFF on input line 4192.
Package hyperref Info: Link nesting OFF on input line 4197.
Package hyperref Info: Hyper index ON on input line 4200.
Package hyperref Info: Plain pages OFF on input line 4207.
Package hyperref Info: Backreferencing OFF on input line 4212.
Package hyperref Info: Implicit mode ON; LaTeX internals redefined.
Package hyperref Info: Bookmarks ON on input line 4445.
\c@Hy@tempcnt=\count273

(/usr/share/texlive/texmf-dist/tex/latex/url/url.sty
\Urlmuskip=\muskip16
Package: url 2013/09/16  ver 3.4  Verb mode for urls, etc.
)
LaTeX Info: Redefining \url on input line 4804.
\XeTeXLinkMargin=\dimen177

(/usr/share/texlive/texmf-dist/tex/generic/bitset/bitset.sty
Package: bitset 2019/12/09 v1.3 Handle bit-vector datatype (HO)

(/usr/share/texlive/texmf-dist/tex/generic/bigintcalc/bigintcalc.sty
Package: bigintcalc 2019/12/15 v1.5 Expandable calculations on big integers (HO
)
))
\Fld@menulength=\count274
\Field@Width=\dimen178
\Fld@charsize=\dimen179
Package hyperref Info: Hyper figures OFF on input line 6076.
Package hyperref Info: Link nesting OFF on input line 6081.
Package hyperref Info: Hyper index ON on input line 6084.
Package hyperref Info: backreferencing OFF on input line 6091.
Package hyperref Info: Link coloring OFF on input line 6096.
Package hyperref Info: Link coloring with OCG OFF on input line 6101.
Package hyperref Info: PDF/A mode OFF on input line 6106.
LaTeX Info: Redefining \ref on input line 6146.
LaTeX Info: Redefining \pageref on input line 6150.

(/usr/share/texlive/texmf-dist/tex/latex/base/atbegshi-ltx.sty
Package: atbegshi-ltx 2021/01/10 v1.0c Emulation of the original atbegshi
package with kernel methods
)
\Hy@abspage=\count275
\c@Item=\count276
\c@Hfootnote=\count277
)
Package hyperref Info: Driver (autodetected): hpdftex.

(/usr/share/texlive/texmf-dist/tex/latex/hyperref/hpdftex.def
File: hpdftex.def 2021-06-07 v7.00m Hyperref driver for pdfTeX

(/usr/share/texlive/texmf-dist/tex/latex/base/atveryend-ltx.sty
Package: atveryend-ltx 2020/08/19 v1.0a Emulation of the original atveryend pac
kage
with kernel methods
)
\Fld@listcount=\count278
\c@bookmark@seq@number=\count279

(/usr/share/texlive/texmf-dist/tex/latex/rerunfilecheck/rerunfilecheck.sty
Package: rerunfilecheck 2019/12/05 v1.9 Rerun checks for auxiliary files (HO)

(/usr/share/texlive/texmf-dist/tex/generic/uniquecounter/uniquecounter.sty
Package: uniquecounter 2019/12/15 v1.4 Provide unlimited unique counter (HO)
)
Package uniquecounter Info: New unique counter `rerunfilecheck' on input line 2
86.
)
\Hy@SectionHShift=\skip53
)
Package hyperref Info: Option `colorlinks' set `false' on input line 43.
LaTeX Font Info:    Trying to load font information for T1+pcr on input line 49
.

(/usr/share/texlive/texmf-dist/tex/latex/psnfss/t1pcr.fd
File: t1pcr.fd 2001/06/04 font definitions for T1/pcr.
)
(/usr/share/texlive/texmf-dist/tex/latex/l3backend/l3backend-pdftex.def
File: l3backend-pdftex.def 2022-01-12 L3 backend support: PDF output (pdfTeX)
\l__color_backend_stack_int=\count280
\l__pdf_internal_box=\box55
)
(./storyboard.aux)
\openout1 = `storyboard.aux'.

LaTeX Font Info:    Checking defaults for OML/cmm/m/it on input line 49.
LaTeX Font Info:    ... okay on input line 49.
LaTeX Font Info:    Checking defaults for OMS/cmsy/m/n on input line 49.
LaTeX Font Info:    ... okay on input line 49.
LaTeX Font Info:    Checking defaults for OT1/cmr/m/n on input line 49.
LaTeX Font Info:    ... okay on input line 49.
LaTeX Font Info:    Checking defaults for T1/cmr/m/n on input line 49.
LaTeX Font Info:    ... okay on input line 49.
LaTeX Font Info:    Checking defaults for TS1/cmr/m/n on input line 49.
LaTeX Font Info:    ... okay on input line 49.
LaTeX Font Info:    Checking defaults for OMX/cmex/m/n on input line 49.
LaTeX Font Info:    ... okay on input line 49.
LaTeX Font Info:    Checking defaults for U/cmr/m/n on input line 49.
LaTeX Font Info:    ... okay on input line 49.
LaTeX Font Info:    Checking defaults for PD1/pdf/m/n on input line 49.
LaTeX Font Info:    ... okay on input line 49.
LaTeX Font Info:    Checking defaults for PU/pdf/m/n on input line 49.
LaTeX Font Info:    ... okay on input line 49.

*geometry* driver: auto-detecting
*geometry* detected driver: pdftex
*geometry* verbose mode - [ preamble ] result:
* driver: pdftex
* paper: letterpaper
* layout: <same size as paper>
* layoutoffset:(h,v)=(0.0pt,0.0pt)
* modes: 
* h-part:(L,W,R)=(79.49744pt, 455.30013pt, 79.49744pt)
* v-part:(T,H,B)=(79.49744pt, 635.97511pt, 79.49744pt)
* \paperwidth=614.295pt
* \paperheight=794.96999pt
* \textwidth=455.30013pt
* \textheight=635.97511pt
* \oddsidemargin=7.22745pt
* \evensidemargin=7.22745pt
* \topmargin=-29.77255pt
* \headheight=12.0pt
* \headsep=25.0pt
* \topskip=11.0pt
* \footskip=30.0pt
* \marginparwidth=59.0pt
* \marginparsep=10.0pt
* \columnsep=10.0pt
* \skip\footins=10.0pt plus 4.0pt minus 2.0pt
* \hoffset=0.0pt
* \voffset=0.0pt
* \mag=1000
* \@twocolumnfalse
* \@twosidefalse
* \@mparswitchfalse
* \@reversemarginfalse
* (1in=72.27pt=25.4mm, 1cm=28.453pt)

(/usr/share/texlive/texmf-dist/tex/context/base/mkii/supp-pdf.mkii
[Loading MPS to PDF converter (version 2006.09.02).]
\scratchcounter=\count281
\scratchdimen=\dimen180
\scratchbox=\box56
\nofMPsegments=\count282
\nofMParguments=\count283
\everyMPshowfont=\toks22
\MPscratchCnt=\count284
\MPscratchDim=\dimen181
\MPnumerator=\count285
\makeMPintoPDFobject=\count286
\everyMPtoPDFconversion=\toks23
) (/usr/share/texlive/texmf-dist/tex/latex/epstopdf-pkg/epstopdf-base.sty
Package: epstopdf-base 2020-01-24 v2.11 Base part for package epstopdf
Package epstopdf-base Info: Redefining graphics rule for `.eps' on input line 4
85.

(/usr/share/texlive/texmf-dist/tex/latex/latexconfig/epstopdf-sys.cfg
File: epstopdf-sys.cfg 2010/07/13 v1.3 Configuration of (r)epstopdf for TeX Liv
e
))
Package caption Info: Begin \AtBeginDocument code.
Package caption Info: float package is loaded.
Package caption Info: hyperref package is loaded.
Package caption Info: End \AtBeginDocument code.
Package hyperref Info: Link coloring OFF on input line 49.

(/usr/share/texlive/texmf-dist/tex/latex/hyperref/nameref.sty
Package: nameref 2021-04-02 v2.47 Cross-referencing by name of section

(/usr/share/texlive/texmf-dist/tex/latex/refcount/refcount.sty
Package: refcount 2019/12/15 v3.6 Data extraction from label references (HO)
)
(/usr/share/texlive/texmf-dist/tex/generic/gettitlestring/gettitlestring.sty
Package: gettitlestring 2019/12/15 v1.6 Cleanup title references (HO)
)
\c@section@level=\count287
)
LaTeX Info: Redefining \ref on input line 49.
LaTeX Info: Redefining \pageref on input line 49.
LaTeX Info: Redefining \nameref on input line 49.

(./storyboard.out) (./storyboard.out)
\@outlinefile=\write3
\openout3 = `storyboard.out'.

LaTeX Font Info:    External font `cmex10' loaded for size
(Font)              <7> on input line 58.
LaTeX Font Info:    External font `cmex10' loaded for size
(Font)              <5> on input line 58.
 (./storyboard.toc)
\tf@toc=\write4
\openout4 = `storyboard.toc'.


Overfull \hbox (11.16931pt too wide) in paragraph at lines 69--72
\T1/pcr/m/n/10.95 Study question: does light colour (red vs. white) affect bat 
acoustic
 []


Overfull \hbox (4.59932pt too wide) in paragraph at lines 69--72
\T1/pcr/m/n/10.95 activity, and does the answer depend on intensity or distance
 from the
 []

LaTeX Font Info:    External font `cmex10' loaded for size
(Font)              <10.95> on input line 74.
LaTeX Font Info:    External font `cmex10' loaded for size
(Font)              <8> on input line 74.
LaTeX Font Info:    External font `cmex10' loaded for size
(Font)              <6> on input line 74.

Overfull \hbox (26.256pt too wide) in paragraph at lines 73--77
[]\T1/pcr/m/n/10.95 Design: 14 acoustic monitoring stations along a distance gr
adient ($\OML/cmm/m/it/10.95 <$\T1/pcr/m/n/10.95 0.52
 []


Overfull \hbox (45.96597pt too wide) in paragraph at lines 73--77
\T1/pcr/m/n/10.95 km to $\OML/cmm/m/it/10.95 >$\T1/pcr/m/n/10.95 2.1 km from so
urce), red vs. white light crossed at five intensities
 []


Overfull \hbox (37.44928pt too wide) in paragraph at lines 73--77
\T1/pcr/m/n/10.95 (10, 30, 50, 70, 100%). Survey season: 2022. Eight focal spec
ies: Epfu,
 []

[1

{/var/lib/texmf/fonts/map/pdftex/updmap/pdftex.map}] [2]
Overfull \hbox (4.59932pt too wide) in paragraph at lines 128--129
[]\T1/pcr/m/n/10.95 Reference levels: color = R (red), intensity = 10%, dist_ca
t = Close. 
 []


Overfull \hbox (37.44928pt too wide) in paragraph at lines 134--136
\T1/pcr/m/n/10.95 Estimated marginal means on the response scale (detections/ni
ght), averaged
 []

[3]
Overfull \hbox (17.7393pt too wide) in paragraph at lines 177--180
[]\T1/pcr/m/n/10.95 At 30% intensity, red light produced 2.05x more detections 
than white (p
 []


Overfull \hbox (11.16931pt too wide) in paragraph at lines 177--180
\T1/pcr/m/n/10.95 < 0.0001). At 50%, 1.63x (p = 0.002). At 70% and 100%, no sig
nificant
 []

<output/figures//fig1_color_effect.png, id=66, 361.35pt x 361.35pt>
File: output/figures//fig1_color_effect.png Graphic file (type png)
<use output/figures//fig1_color_effect.png>
Package pdftex.def Info: output/figures//fig1_color_effect.png  used on input l
ine 183.
(pdftex.def)             Requested size: 455.30013pt x 455.30342pt.

Underfull \hbox (badness 10000) in paragraph at lines 185--185
[]\T1/pcr/b/n/10 Figure 1: |\T1/pcr/m/n/10 Mean detections per night by light c
olour, averaged across
 []

[4]
<output/figures//fig1_color_intensity.png, id=71, 505.89pt x 361.35pt>
File: output/figures//fig1_color_intensity.png Graphic file (type png)
<use output/figures//fig1_color_intensity.png>
Package pdftex.def Info: output/figures//fig1_color_intensity.png  used on inpu
t line 190.
(pdftex.def)             Requested size: 455.30013pt x 325.22302pt.

Underfull \hbox (badness 10000) in paragraph at lines 193--193
[]\T1/pcr/b/n/10 Figure 2: |\T1/pcr/m/n/10 Mean detections per night by colour 
at each intensity level with
 []

[5 <./output/figures//fig1_color_effect.png>]
<output/figures//fig3_color_intensity.png, id=77, 505.89pt x 361.35pt>
File: output/figures//fig3_color_intensity.png Graphic file (type png)
<use output/figures//fig3_color_intensity.png>
Package pdftex.def Info: output/figures//fig3_color_intensity.png  used on inpu
t line 198.
(pdftex.def)             Requested size: 455.30013pt x 325.22302pt.

Underfull \hbox (badness 10000) in paragraph at lines 200--200
[]\T1/pcr/b/n/10 Figure 3: |\T1/pcr/m/n/10 Colour $\OMS/cmsy/m/n/10 ^^B$ \T1/pc
r/m/n/10 intensity interaction: predicted detections from the
 []

[6 <./output/figures//fig1_color_intensity.png>] [7 <./output/figures//fig3_col
or_intensity.png>]
Overfull \hbox (37.44928pt too wide) in paragraph at lines 232--235
[]\T1/pcr/m/n/10.95 Red peaks at 30% (1.82x above 10%; p < 0.0001) and collapse
s at 100% (0.55x
 []


Overfull \hbox (11.16931pt too wide) in paragraph at lines 232--235
\T1/pcr/m/n/10.95 relative to 30%; p < 0.0001). White is flat across all intens
ities (no
 []

<output/figures//fig4_seasonal.png, id=89, 650.43pt x 361.35pt>
File: output/figures//fig4_seasonal.png Graphic file (type png)
<use output/figures//fig4_seasonal.png>
Package pdftex.def Info: output/figures//fig4_seasonal.png  used on input line 
238.
(pdftex.def)             Requested size: 455.30013pt x 252.94879pt.

Underfull \hbox (badness 10000) in paragraph at lines 241--241
[]\T1/pcr/b/n/10 Figure 4: |\T1/pcr/m/n/10 Seasonal trend in bat detections by 
light colour. LOESS
 []


Underfull \hbox (badness 10000) in paragraph at lines 241--241
\T1/pcr/m/n/10 smoothed; shading = 95% CI. Both colours decline through the sea
son;
 []

<output/figures//fig6_moon_phase.png, id=90, 505.89pt x 361.35pt>
File: output/figures//fig6_moon_phase.png Graphic file (type png)
<use output/figures//fig6_moon_phase.png>
Package pdftex.def Info: output/figures//fig6_moon_phase.png  used on input lin
e 246.
(pdftex.def)             Requested size: 455.30013pt x 325.22302pt.

Underfull \hbox (badness 10000) in paragraph at lines 248--248
[]\T1/pcr/b/n/10 Figure 5: |\T1/pcr/m/n/10 Bat detections vs. moon phase by col
our. No evident colour $\OMS/cmsy/m/n/10 ^^B$
 []

[8 <./output/figures//fig4_seasonal.png>] [9 <./output/figures//fig6_moon_phase
.png>]
Overfull \hbox (11.16931pt too wide) in paragraph at lines 275--279
[]\T1/pcr/m/n/10.95 Close sites had 3x fewer detections than all other categori
es. Medium,
 []


Overfull \hbox (11.16931pt too wide) in paragraph at lines 275--279
\T1/pcr/m/n/10.95 Further, and Far were indistinguishable. No pairwise contrast
 survives
 []


Overfull \hbox (17.7393pt too wide) in paragraph at lines 275--279
\T1/pcr/m/n/10.95 Holm correction (low power with n=14 sites), but the main mod
el confirms
 []


Overfull \hbox (37.44928pt too wide) in paragraph at lines 275--279
\T1/pcr/m/n/10.95 the distance effect (dist_catFar: p = 0.040, dist_catFurther:
 p = 0.044). 
 []

<output/figures//fig2_distance_effect.png, id=101, 433.62pt x 361.35pt>
File: output/figures//fig2_distance_effect.png Graphic file (type png)
<use output/figures//fig2_distance_effect.png>
Package pdftex.def Info: output/figures//fig2_distance_effect.png  used on inpu
t line 282.
(pdftex.def)             Requested size: 455.30013pt x 379.43422pt.

Underfull \hbox (badness 10000) in paragraph at lines 283--283
[]\T1/pcr/b/n/10 Figure 6: |\T1/pcr/m/n/10 Mean detections per night by distanc
e category. Error bars =
 []

<output/figures//fig7_distance_gradient.png, id=102, 505.89pt x 397.485pt>
File: output/figures//fig7_distance_gradient.png Graphic file (type png)
<use output/figures//fig7_distance_gradient.png>
Package pdftex.def Info: output/figures//fig7_distance_gradient.png  used on in
put line 288.
(pdftex.def)             Requested size: 455.30013pt x 357.74532pt.

Underfull \hbox (badness 10000) in paragraph at lines 290--290
[]\T1/pcr/b/n/10 Figure 7: |\T1/pcr/m/n/10 Site-level mean detections vs. dista
nce from light source (km)
 []

[10 <./output/figures//fig2_distance_effect.png>]
<output/figures//fig3_distance_treatment.png, id=108, 722.7pt x 325.215pt>
File: output/figures//fig3_distance_treatment.png Graphic file (type png)
<use output/figures//fig3_distance_treatment.png>
Package pdftex.def Info: output/figures//fig3_distance_treatment.png  used on i
nput line 295.
(pdftex.def)             Requested size: 455.30013pt x 204.88654pt.
 [11 <./output/figures//fig7_distance_gradient.png> <./output/figures//fig3_dis
tance_treatment.png>] [12]
Overfull \hbox (83.43922pt too wide) in paragraph at lines 343--347
[]\T1/pcr/m/n/10.95 Colour does not restructure community composition. Distance
 does (R2 contribution
 []


Overfull \hbox (44.01927pt too wide) in paragraph at lines 343--347
\T1/pcr/m/n/10.95 largest single predictor). Dispersion homogeneous between col
our treatments
 []

<output/figures//fig5_community_heatmap.png, id=119, 361.35pt x 397.485pt>
File: output/figures//fig5_community_heatmap.png Graphic file (type png)
<use output/figures//fig5_community_heatmap.png>
Package pdftex.def Info: output/figures//fig5_community_heatmap.png  used on in
put line 350.
(pdftex.def)             Requested size: 455.30013pt x 500.83374pt.

Underfull \hbox (badness 10000) in paragraph at lines 352--352
[]\T1/pcr/b/n/10 Figure 9: |\T1/pcr/m/n/10 Species activity heatmap (z-scored w
ithin species) by light
 []

[13 <./output/figures//fig5_community_heatmap.png>]
Overfull \hbox (24.3093pt too wide) in paragraph at lines 373--376
[]\T1/pcr/m/n/10.95 Epfu: most treatment-sensitive; responds to both intensity 
and distance.
 []


Overfull \hbox (30.87929pt too wide) in paragraph at lines 373--376
\T1/pcr/m/n/10.95 Mylu: tracks habitat (pct_nonforest). Myvo: tracks sky darkne
ss. Myyu,
 []

<output/figures//fig8_species_distance.png, id=126, 650.43pt x 433.62pt>
File: output/figures//fig8_species_distance.png Graphic file (type png)
<use output/figures//fig8_species_distance.png>
Package pdftex.def Info: output/figures//fig8_species_distance.png  used on inp
ut line 379.
(pdftex.def)             Requested size: 455.30013pt x 303.53854pt.

Underfull \hbox (badness 10000) in paragraph at lines 380--380
[]\T1/pcr/b/n/10 Figure 10: |\T1/pcr/m/n/10 Species activity by distance catego
ry (z-scored within
 []

<output/figures//species_color_effect.png, id=127, 1011.78pt x 505.89pt>
File: output/figures//species_color_effect.png Graphic file (type png)
<use output/figures//species_color_effect.png>
Package pdftex.def Info: output/figures//species_color_effect.png  used on inpu
t line 385.
(pdftex.def)             Requested size: 455.30013pt x 227.6561pt.

Underfull \hbox (badness 10000) in paragraph at lines 388--388
[]\T1/pcr/b/n/10 Figure 11: |\T1/pcr/m/n/10 Left: marginal means $\OMS/cmsy/m/n
/10 ^^F$ \T1/pcr/m/n/10 95% CI by colour, ranked by species.
 []


Underfull \hbox (badness 10000) in paragraph at lines 388--388
\T1/pcr/m/n/10 Right: white/red detection ratio by intensity level per species.
 Ratio $\OML/cmm/m/it/10 >$
 []

[14 <./output/figures//fig8_species_distance.png>]
<output/figures//species_ratio_heatmap.png, id=133, 650.43pt x 433.62pt>
File: output/figures//species_ratio_heatmap.png Graphic file (type png)
<use output/figures//species_ratio_heatmap.png>
Package pdftex.def Info: output/figures//species_ratio_heatmap.png  used on inp
ut line 393.
(pdftex.def)             Requested size: 455.30013pt x 303.53854pt.

Underfull \hbox (badness 10000) in paragraph at lines 395--395
[]\T1/pcr/b/n/10 Figure 12: |\T1/pcr/m/n/10 Log$[]$(white/red) heatmap by speci
es and intensity. Negative
 []

[15 <./output/figures//species_color_effect.png> <./output/figures//species_rat
io_heatmap.png>]
Overfull \hbox (30.87929pt too wide) in paragraph at lines 402--405
\T1/pcr/m/n/10.95 1. Colour x intensity interaction: red light at 30-50% produc
ed 1.6-2.1x
 []


Overfull \hbox (4.59932pt too wide) in paragraph at lines 402--405
\T1/pcr/m/n/10.95 more detections than white. At 70% and 100%, colours converge
. White
 []


Overfull \hbox (50.58926pt too wide) in paragraph at lines 406--408
[]\T1/pcr/m/n/10.95 2. Distance: sites within 0.5 km had 3x fewer detections. R
ecovery appears
 []


Overfull \hbox (30.87929pt too wide) in paragraph at lines 409--411
[]\T1/pcr/m/n/10.95 3. Community composition is driven by distance, habitat, an
d sky darkness
 []


Overfull \hbox (4.59932pt too wide) in paragraph at lines 412--415
[]\T1/pcr/m/n/10.95 4. Management implication: red light at 30-50% intensity, s
ited >0.5
 []


Overfull \hbox (44.01927pt too wide) in paragraph at lines 412--415
\T1/pcr/m/n/10.95 km from sensitive habitat, maximises bat detections. White li
ght suppresses
 []

[16] (./storyboard.aux)
Package rerunfilecheck Info: File `storyboard.out' has not changed.
(rerunfilecheck)             Checksum: 5C1651861CE54845FF4FA4E56AA7D105;1205.
 ) 
Here is how much of TeX's memory you used:
 11144 strings out of 480247
 180811 string characters out of 5896152
 471890 words of memory out of 5000000
 28909 multiletter control sequences out of 15000+600000
 476194 words of font info for 49 fonts, out of 8000000 for 9000
 14 hyphenation exceptions out of 8191
 60i,6n,63p,1199b,461s stack positions out of 5000i,500n,10000p,200000b,80000s
{/usr/share/texlive/texmf-dist/fonts/enc/dvips/base/8r.enc}</usr/share/texliv
e/texmf-dist/fonts/type1/public/amsfonts/cm/cmmi10.pfb></usr/share/texlive/texm
f-dist/fonts/type1/public/amsfonts/cm/cmr7.pfb></usr/share/texlive/texmf-dist/f
onts/type1/public/amsfonts/cm/cmsy10.pfb></usr/share/texlive/texmf-dist/fonts/t
ype1/urw/courier/ucrb8a.pfb></usr/share/texlive/texmf-dist/fonts/type1/urw/cour
ier/ucrr8a.pfb>
Output written on storyboard.pdf (16 pages, 1315558 bytes).
PDF statistics:
 182 PDF objects out of 1000 (max. 8388607)
 140 compressed objects within 2 object streams
 38 named destinations out of 1000 (max. 500000)
 133 words of extra memory for PDF output out of 10000 (max. 10000000)

